{
    "allowedTemplates": [],
    "defaultTemplate": null,
    "groups": [],
    "isContainer": false,
    "listViewEditorName": "List View - Content",
    "allowedContentTypes": [],
    "compositeContentTypes": [],
    "lockedCompositeContentTypes": [],
    "allowAsRoot": false,
    "notifications": [],
    "ModelState": null,
    "alias": "xyz",
    "updateDate": "0001-01-01T00:00:00",
    "createDate": "0001-01-01T00:00:00",
    "description": null,
    "thumbnail": "folder.png",
    "iconIsClass": true,
    "iconFilePath": "",
    "thumbnailIsClass": false,
    "thumbnailFilePath": "/umbraco/images/thumbnails/folder.png",
    "name": null,
    "id": 0,
    "udi": "umb://document-type/2bfec211884b4e70a8bd6992c0dc687c",
    "icon": null,
    "trashed": false,
    "key": "2bfec211-884b-4e70-a8bd-6992c0dc687c",
    "parentId": -1,
    "path": null,
    "metaData": {}
}