{
    "x": {
        "Value": "y",
        "Id": 2,
        "SortOrder": 0
    },
    "a": {
        "Value": "b",
        "Id": 0,
        "SortOrder": 0
    }
}