{
    "Safe": false,
    "DocumentTypes": {},
    "DataTypes": {},
    "Templates": {
        "fancy": {
            "Configuration": {
                "Alias": "fancy",
                "Name": "Fancy template"
            },
            "Key": "fancy",
            "IsNew": false,
            "IsModified": true,
            "IsUnsafe": true,
            "Comparisons": [
                {
                    "Key": "Alias",
                    "Result": "Unchanged",
                    "Discriminator": null
                },
                {
                    "Key": "Name",
                    "Result": "Modified",
                    "Discriminator": null
                }
            ]
        }
    }
}