[
    "cmp-2",
    "cmp-1",
    "cmp-1-1",
    "d-1",
    "d-1-2",
    "d-1-1",
    "d-2"
]