{
    "Safe": true,
    "DocumentTypes": {},
    "DataTypes": {},
    "Templates": {
        "fancy": {
            "Configuration": {
                "Alias": "fancy",
                "Name": "Fancy template"
            },
            "Key": "fancy",
            "IsNew": true,
            "IsModified": false,
            "IsUnsafe": false,
            "Comparisons": [
                {
                    "Key": "Alias",
                    "Result": "New",
                    "Discriminator": null
                },
                {
                    "Key": "Name",
                    "Result": "New",
                    "Discriminator": null
                }
            ]
        }
    }
}